<p>Wonder how to determine the G's in a machine by looking at a BIOS-provided physical RAM map? I couldn't find any tutorials or write ups on how to do it by hand? here is a map i found online, which lines am I suppose to look at to determine this? can you also determine the number of physical pages, etc... by looking at this?</p>  <pre><code>0.000000] BIOS-provided physical RAM map:                                                           
[    0.000000]  BIOS-e820: 0000000000000000 - 000000000009bc00 (usable)                                  
[    0.000000]  BIOS-e820: 000000000009bc00 - 00000000000a0000 (reserved)                                
[    0.000000]  BIOS-e820: 00000000000e8000 - 00000000000eee00 (reserved)                                
[    0.000000]  BIOS-e820: 00000000000eee00 - 00000000000ef000 (ACPI NVS)                                
[    0.000000]  BIOS-e820: 00000000000ef000 - 0000000000100000 (reserved)                                
[    0.000000]  BIOS-e820: 0000000000100000 - 00000000bf730000 (usable)                                  
[    0.000000]  BIOS-e820: 00000000bf730000 - 00000000bf740000 (reserved)                                
[    0.000000]  BIOS-e820: 00000000bf740000 - 00000000bf742000 (ACPI NVS)                                
[    0.000000]  BIOS-e820: 00000000bf750000 - 00000000c0000000 (reserved)                                
[    0.000000]  BIOS-e820: 00000000fec00000 - 00000000fec28000 (reserved)                                
[    0.000000]  BIOS-e820: 00000000fed00000 - 00000000fed00500 (reserved)                                
[    0.000000]  BIOS-e820: 00000000fed14000 - 00000000fed1a000 (reserved)                                
[    0.000000]  BIOS-e820: 00000000fed1c000 - 00000000fed90000 (reserved)                                
[    0.000000]  BIOS-e820: 00000000feda0000 - 00000000fedc0000 (reserved)                                
[    0.000000]  BIOS-e820: 00000000fee00000 - 00000000fee01000 (reserved)                                
[    0.000000]  BIOS-e820: 00000000ffa00000 - 00000000ffc00000 (reserved)                                
[    0.000000]  BIOS-e820: 00000000ffd00000 - 0000000100000000 (reserved) </code></pre>