<p>Can someone explain how is memory doing on the system. Please shed light on the Swap / thrashing / memory active and inactive and hugepages. Is it optimally set ? </p>  <pre><code>**oracle=&gt;vmstat 5 5** procs -----------memory---------- ---swap-- -----io---- --system-- -----cpu------  r  b   swpd   free   buff  cache   si   so    bi    bo   in   cs us sy id wa st  2 50 473988 4970984  34400 6032272    0    0  2367   686    0    0  9  2 74 15  0  0 49 473988 4968132  34420 6032296    0    0 66134  1055 8395 8297  1  1 50 47  0  3 46 473988 4963064  34440 6032296    0    0 37456  2642 6548 7635  1  1 48 50  0  0 50 473988 4964296  34464 6032316    0    0 107256  1722 14041 8032  1  2 53 44  0  1 50 473988 4960220  34488 6032328    0    0 85530  2239 12176 7634  1  2 65 32  0  **oracle=&gt;vmstat 5 10** procs -----------memory---------- ---swap-- -----io---- --system-- -----cpu------  r  b   swpd   free   buff  cache   si   so    bi    bo   in   cs us sy id wa st  0 48 473988 4880524  34608 6032488    0    0  2367   686    0    0  9  2 74 15  0  0 51 473988 4877044  34632 6032484    0    0 101696  2490 12294 7799  1  2 60 36  0  0 54 473988 4893156  34648 6032484    0    0 22237  4263 4535 7581  1  1 43 56  0  4 44 473988 5904748  34680 6032480    0    0 93011  4263 11660 10051 12  2 37 48  0  2 47 473988 5962176  34704 6032492    5    0 79077  7489 11869 8268 10  2 44 44  0  1 51 473988 5967656  34720 6032504    0    0 69235  6300 8808 8310  7  2 43 49  0  4 47 473988 5959968  34744 6032504    0    0 62051  1795 9324 8522  7  2 48 44  0  2 49 473988 5949312  34768 6032516    0    0 135440  1845 17564 8937  9  3 50 38  0  3 46 473988 5949048  34768 6032520    0    0 33511   989 5711 7568  5  1 46 48  0  1 59 473988 5936528  34800 6032532    0    0 87690  1964 11557 8761  6  2 51 41  0  **oracle=&gt;free**              total       used       free     shared    buffers     cached Mem:     148285224  142805224    5480000          0      36388    6073820 -/+ buffers/cache:  136695016   11590208 Swap:     35323896     473988   34849908  **oracle=&gt;cat /proc/meminfo** MemTotal:     148285224 kB MemFree:       3395288 kB Buffers:         39960 kB Cached:        8150772 kB SwapCached:      68152 kB Active:       10546696 kB Inactive:      7645124 kB HighTotal:           0 kB HighFree:            0 kB LowTotal:     148285224 kB LowFree:       3395288 kB SwapTotal:    35323896 kB SwapFree:     34849908 kB Dirty:             632 kB Writeback:           0 kB AnonPages:    10241016 kB Mapped:         236496 kB Slab:           317488 kB PageTables:     138360 kB NFS_Unstable:        0 kB Bounce:              0 kB CommitLimit:  46548876 kB Committed_AS: 13477188 kB VmallocTotal: 34359738367 kB VmallocUsed:    606356 kB VmallocChunk: 34359130871 kB HugePages_Total: 61443 HugePages_Free:    658 HugePages_Rsvd:    145 Hugepagesize:     2048 kB </code></pre>